vsemi@vsemi-desktop:~/sdk/VSEMI_TOF_SDK2/test/build$ ./camera
Test starting ...
Open serial port: 3
Camera connected: 134-402
Chip:
   wafer:   134
   ID:      402
Identification:
   device:  1024
   version: 3
Firmware:
   major:   3
   minor:   3
Temperature         :   5293
Camera distortion coefficient vector: 
-0.397059 0.143377 0 0 0 0 0 0 
Camera intrinsic matrix: 
181.296 0 80 0 181.079 30 0 0 1 

Test 3D frame acquisition: 
integrationTime0: 1000
integrationTime1: 50
amplitude0: 60
amplitude1: 60

HDR: 0
=======
Distance frames: 300 time spent: 5.10487 frame rate: 58.7674
Distance grayscale frames: 300 time spent: 7.52684 frame rate: 39.8574
Distance amplitude frames: 300 time spent: 9.31959 frame rate: 32.1902

HDR: 2
=======
Distance frames: 300 time spent: 10.1193 frame rate: 29.6463
Distance grayscale frames: 300 time spent: 14.3307 frame rate: 20.9341
Distance amplitude frames: 300 time spent: 17.0716 frame rate: 17.5731
Closing serial port: 3

